[15/Aug/2026 13:10:15] "GET /dashboard/ HTTP/1.1" 200 70335
[15/Aug/2026 13:10:30] "GET /dashboard/settings/ HTTP/1.1" 200 43802
[15/Aug/2026 13:10:43] "GET /admin/ HTTP/1.1" 200 19269
[15/Aug/2026 13:10:46] "GET /favicon.ico HTTP/1.1" 200 47477
[15/Aug/2026 13:10:46] "GET /admin/registrations/studentapplication/ HTTP/1.1" 200 70793
[15/Aug/2026 13:10:46] "GET /admin/jsi18n/ HTTP/1.1" 200 3342
[15/Aug/2026 13:10:51] "GET /admin/registrations/studentapplication/ HTTP/1.1" 200 70793
[15/Aug/2026 13:10:52] "GET /static/css/responsive.css HTTP/1.1" 200 3023
[15/Aug/2026 13:10:52] "GET /static/admin/js/theme.js HTTP/1.1" 200 1653
[15/Aug/2026 13:10:52] "GET /static/admin/css/nav_sidebar.css HTTP/1.1" 200 2810
[15/Aug/2026 13:10:52] "GET /static/admin/css/changelists.css HTTP/1.1" 200 7498
[15/Aug/2026 13:10:52] "GET /static/admin/css/dark_mode.css HTTP/1.1" 200 3538
[15/Aug/2026 13:10:52] "GET /static/admin/js/core.js HTTP/1.1" 200 6208
[15/Aug/2026 13:10:52] "GET /admin/jsi18n/ HTTP/1.1" 200 3342
[15/Aug/2026 13:10:52] "GET /static/admin/css/base.css HTTP/1.1" 200 23100
[15/Aug/2026 13:10:52] "GET /static/admin/css/responsive.css HTTP/1.1" 200 16273
[15/Aug/2026 13:10:52] "GET /static/admin/js/urlify.js HTTP/1.1" 200 7887
[15/Aug/2026 13:10:52] "GET /static/admin/js/prepopulate.js HTTP/1.1" 200 1531
[15/Aug/2026 13:10:52] "GET /static/admin/js/jquery.init.js HTTP/1.1" 200 347
[15/Aug/2026 13:10:52] "GET /static/admin/img/search.svg HTTP/1.1" 200 607
[15/Aug/2026 13:10:52] "GET /static/admin/js/admin/RelatedObjectLookups.js HTTP/1.1" 200 9777
[15/Aug/2026 13:10:52] "GET /static/admin/js/actions.js HTTP/1.1" 200 8077
[15/Aug/2026 13:10:52] "GET /static/admin/js/vendor/jquery/jquery.js HTTP/1.1" 200 285314
[15/Aug/2026 13:10:52] "GET /static/admin/js/nav_sidebar.js HTTP/1.1" 200 3063
[15/Aug/2026 13:10:52] "GET /static/admin/js/filters.js HTTP/1.1" 200 978
[15/Aug/2026 13:10:52] "GET /static/admin/js/vendor/xregexp/xregexp.js HTTP/1.1" 200 325171
[15/Aug/2026 13:10:53] "GET /static/admin/img/tooltag-add.svg HTTP/1.1" 200 593
[15/Aug/2026 13:10:53] "GET /static/admin/img/icon-viewlink.svg HTTP/1.1" 200 928
[15/Aug/2026 13:10:53] "GET /static/admin/img/icon-addlink.svg HTTP/1.1" 200 593
[15/Aug/2026 13:10:53] "GET /static/admin/img/sorting-icons.svg HTTP/1.1" 200 1761
[15/Aug/2026 13:10:54] "GET /favicon.ico HTTP/1.1" 200 47477
[15/Aug/2026 13:11:06] "GET /admin/masterdata/applicationstatus/ HTTP/1.1" 200 23288
[15/Aug/2026 13:11:06] "GET /admin/jsi18n/ HTTP/1.1" 200 3342
[15/Aug/2026 13:11:08] "GET /admin/masterdata/community/ HTTP/1.1" 200 21941
[15/Aug/2026 13:11:08] "GET /admin/jsi18n/ HTTP/1.1" 200 3342
[15/Aug/2026 13:11:14] "GET /admin/masterdata/program/ HTTP/1.1" 200 20675
[15/Aug/2026 13:11:14] "GET /admin/jsi18n/ HTTP/1.1" 200 3342
[15/Aug/2026 13:11:17] "GET /admin/masterdata/qualification/ HTTP/1.1" 200 79135
[15/Aug/2026 13:11:17] "GET /admin/jsi18n/ HTTP/1.1" 200 3342
[15/Aug/2026 13:11:40] "POST /api/submit/ HTTP/1.1" 200 62
[15/Aug/2026 13:11:40] "GET /registration/preview/13/ HTTP/1.1" 200 30372
[15/Aug/2026 13:11:41] "GET /media/963463458938_fjdjfjfg/Passport/original.jpg HTTP/1.1" 200 162772
[15/Aug/2026 13:11:41] "GET /media/963463458938_fjdjfjfg/Signature/original.jpg HTTP/1.1" 200 66182
[15/Aug/2026 13:11:41] "GET /media/963463458938_fjdjfjfg/Father_Signature/original.jpg HTTP/1.1" 200 15457
[15/Aug/2026 13:11:41] "GET /media/963463458938_fjdjfjfg/Thumb/original.jpg HTTP/1.1" 200 236677
[15/Aug/2026 13:11:42] "GET /media/963463458938_fjdjfjfg/ABC/original.jpg HTTP/1.1" 200 1964097
[15/Aug/2026 13:13:03] "POST /final-submit/ HTTP/1.1" 302 0
[15/Aug/2026 13:13:03] "GET /success/ HTTP/1.1" 200 45314
[15/Aug/2026 13:14:45] "GET /dashboard/settings/ HTTP/1.1" 200 43802
[15/Aug/2026 13:14:49] "GET /dashboard/ HTTP/1.1" 200 71096
[15/Aug/2026 13:15:05] "GET /dashboard/reports/daily/ HTTP/1.1" 200 49866
[15/Aug/2026 13:15:13] "GET /dashboard/reports/demographics/ HTTP/1.1" 200 57917
[15/Aug/2026 13:15:17] "GET /dashboard/exports/ HTTP/1.1" 200 59285
[15/Aug/2026 13:15:40] "POST /dashboard/exports/generate/ HTTP/1.1" 302 0
[15/Aug/2026 13:15:41] "GET /dashboard/exports/download/34/ HTTP/1.1" 200 39555393
[15/Aug/2026 13:16:03] "GET /dashboard/exports/ HTTP/1.1" 200 60102
[15/Aug/2026 13:16:03] "GET /static/css/responsive.css HTTP/1.1" 200 3023
[15/Aug/2026 13:16:03] "GET /media/platform/logo/CSC_LOGO.png HTTP/1.1" 200 3755438
[15/Aug/2026 13:16:04] "GET /static/images/CSC%20LOGO.png HTTP/1.1" 200 3755438
[15/Aug/2026 13:16:13] "POST /dashboard/exports/generate/ HTTP/1.1" 302 0
[15/Aug/2026 13:16:14] "GET /dashboard/exports/download/35/ HTTP/1.1" 200 11015
[15/Aug/2026 13:16:27] "GET /dashboard/exports/ HTTP/1.1" 200 61072
[15/Aug/2026 13:16:35] "GET /dashboard/master-data/ HTTP/1.1" 200 17899
